../Libs/count_down_cube.c:11:6:CountDownCube_Handle	8	static
../Libs/count_down_cube.c:201:6:CountDownCube_Set_Sate	16	static
../Libs/count_down_cube.c:212:6:DigitNine	16	static
../Libs/count_down_cube.c:232:6:DigitEight	16	static
../Libs/count_down_cube.c:243:6:DigitSeven	24	static
../Libs/count_down_cube.c:257:6:DigitSix	16	static
../Libs/count_down_cube.c:280:6:DigitFive	16	static
../Libs/count_down_cube.c:304:6:DigitFour	24	static
../Libs/count_down_cube.c:322:6:DigitThree	16	static
../Libs/count_down_cube.c:339:6:DigitTwo	16	static
../Libs/count_down_cube.c:365:6:DigitOne	16	static
../Libs/count_down_cube.c:388:6:DigitZero	16	static
