../Core/Src/main.c:71:6:HAL_UART_RxCpltCallback	16	static
../Core/Src/main.c:94:5:main	8	static
../Core/Src/main.c:145:6:SystemClock_Config	88	static
../Core/Src/main.c:192:13:MX_ADC1_Init	24	static
../Core/Src/main.c:239:13:MX_SPI1_Init	8	static
../Core/Src/main.c:277:13:MX_TIM2_Init	32	static
../Core/Src/main.c:322:13:MX_USART1_UART_Init	8	static
../Core/Src/main.c:355:13:MX_USART2_UART_Init	8	static
../Core/Src/main.c:388:13:MX_GPIO_Init	40	static
../Core/Src/main.c:433:6:Error_Handler	4	static,ignoring_inline_asm
